// Jest Snapshot v1, https://goo.gl/fbAQLP

exports[`action creators getArticleByBarcode fetches articles by barcode 1`] = `
Array [
  Object {
    "payload": Object {
      "GLOBAL_LOADER": true,
    },
    "type": "SET_LOADER",
  },
  Object {
    "payload": Object {
      "GLOBAL_ERROR": "",
    },
    "type": "SET_ERROR",
  },
  Object {
    "payload": Object {
      "GLOBAL_LOADER": false,
    },
    "type": "SET_LOADER",
  },
  Object {
    "payload": Array [
      Object {
        "id": 1,
      },
    ],
    "type": "articlesLoaded",
  },
]
`;

exports[`action creators startAddArticle  1`] = `
Array [
  Object {
    "payload": Object {
      "GLOBAL_LOADER": true,
    },
    "type": "SET_LOADER",
  },
  Object {
    "payload": Object {
      "GLOBAL_ERROR": "",
    },
    "type": "SET_ERROR",
  },
  Object {
    "payload": Object {
      "GLOBAL_LOADER": false,
    },
    "type": "SET_LOADER",
  },
  Object {
    "payload": Array [
      Object {
        "id": 1,
      },
    ],
    "type": "articlesLoaded",
  },
]
`;
